src/App.tsx(1,8): error TS6133: 'React' is declared but its value is never read.
src/App.tsx(13,10): error TS6133: 't' is declared but its value is never read.
src/App.tsx(33,39): error TS7006: Parameter 'cat' implicitly has an 'any' type.
src/App.tsx(46,41): error TS7006: Parameter 'catId' implicitly has an 'any' type.
src/App.tsx(111,36): error TS2345: Argument of type 'string' is not assignable to parameter of type 'null | undefined'.
src/App.tsx(173,17): error TS2322: Type 'any[]' is not assignable to type 'never[]'.
  Type 'any' is not assignable to type 'never'.
src/App.tsx(185,17): error TS2322: Type 'string' is not assignable to type 'null | undefined'.
src/App.tsx(186,17): error TS2322: Type '(cat: any) => void' is not assignable to type 'null | undefined'.
src/App.tsx(187,36): error TS7006: Parameter 'res' implicitly has an 'any' type.
src/App.tsx(187,41): error TS7006: Parameter 'meta' implicitly has an 'any' type.
src/App.tsx(193,17): error TS2322: Type 'string' is not assignable to type 'null | undefined'.
src/App.tsx(194,17): error TS2322: Type '(catId: any) => void' is not assignable to type 'null | undefined'.
src/App.tsx(195,17): error TS2322: Type 'string' is not assignable to type 'null | undefined'.
src/App.tsx(196,17): error TS2322: Type 'Dispatch<SetStateAction<string>>' is not assignable to type 'null | undefined'.
src/App.tsx(214,15): error TS2322: Type 'Dispatch<SetStateAction<string>>' is not assignable to type '() => void'.
  Target signature provides too few arguments. Expected 1 or more, but got 0.
src/App.tsx(215,15): error TS2322: Type 'Dispatch<SetStateAction<string>>' is not assignable to type '() => void'.
  Target signature provides too few arguments. Expected 1 or more, but got 0.
src/App.tsx(218,15): error TS2322: Type '(query: any, apiKeyOverride?: null, forceRefresh?: boolean) => Promise<void>' is not assignable to type '() => void'.
  Target signature provides too few arguments. Expected 1 or more, but got 0.
src/App.tsx(223,15): error TS2322: Type 'Dispatch<SetStateAction<string>>' is not assignable to type '() => void'.
  Target signature provides too few arguments. Expected 1 or more, but got 0.
src/App.tsx(238,15): error TS2322: Type 'Dispatch<SetStateAction<string>>' is not assignable to type '() => void'.
  Target signature provides too few arguments. Expected 1 or more, but got 0.
src/App.tsx(239,15): error TS2322: Type 'Dispatch<SetStateAction<string>>' is not assignable to type '() => void'.
  Target signature provides too few arguments. Expected 1 or more, but got 0.
src/App.tsx(242,15): error TS2322: Type '(query: any, apiKeyOverride?: null, forceRefresh?: boolean) => Promise<void>' is not assignable to type '() => void'.
  Target signature provides too few arguments. Expected 1 or more, but got 0.
src/App.tsx(247,15): error TS2322: Type 'Dispatch<SetStateAction<string>>' is not assignable to type '() => void'.
  Target signature provides too few arguments. Expected 1 or more, but got 0.
src/App.tsx(262,11): error TS2322: Type 'any[]' is not assignable to type 'never[]'.
  Type 'any' is not assignable to type 'never'.
src/App.tsx(277,11): error TS2322: Type 'any[]' is not assignable to type 'never[]'.
  Type 'any' is not assignable to type 'never'.
src/App.tsx(290,26): error TS7006: Parameter 'updatedUser' implicitly has an 'any' type.
src/components/AuthModal.tsx(1,8): error TS6133: 'React' is declared but its value is never read.
src/components/AuthModal.tsx(5,22): error TS7031: Binding element 'isOpen' implicitly has an 'any' type.
src/components/AuthModal.tsx(5,30): error TS7031: Binding element 'onClose' implicitly has an 'any' type.
src/components/AuthModal.tsx(5,39): error TS7031: Binding element 'user' implicitly has an 'any' type.
src/components/AuthModal.tsx(5,65): error TS7031: Binding element 'onAuthChange' implicitly has an 'any' type.
src/components/AuthModal.tsx(5,79): error TS7031: Binding element 'onSyncCloud' implicitly has an 'any' type.
src/components/AuthModal.tsx(14,24): error TS7006: Parameter 'text' implicitly has an 'any' type.
src/components/AuthModal.tsx(19,30): error TS7006: Parameter 'e' implicitly has an 'any' type.
src/components/AuthModal.tsx(35,19): error TS18046: 'err' is of type 'unknown'.
src/components/AuthModal.tsx(41,31): error TS7006: Parameter 'e' implicitly has an 'any' type.
src/components/AuthModal.tsx(57,19): error TS18046: 'err' is of type 'unknown'.
src/components/AuthModal.tsx(63,34): error TS7006: Parameter 'e' implicitly has an 'any' type.
src/components/AuthModal.tsx(74,19): error TS18046: 'err' is of type 'unknown'.
src/components/AuthModal.tsx(88,19): error TS18046: 'err' is of type 'unknown'.
src/components/BottomNav.tsx(1,8): error TS6133: 'React' is declared but its value is never read.
src/components/BottomNav.tsx(3,22): error TS7031: Binding element 'activeTab' implicitly has an 'any' type.
src/components/BottomNav.tsx(3,33): error TS7031: Binding element 'onTabChange' implicitly has an 'any' type.
src/components/DonationModal.tsx(1,8): error TS6133: 'React' is declared but its value is never read.
src/components/DonationModal.tsx(7,41): error TS7031: Binding element 'isOpen' implicitly has an 'any' type.
src/components/DonationModal.tsx(7,49): error TS7031: Binding element 'onClose' implicitly has an 'any' type.
src/components/DonationModal.tsx(15,28): error TS7006: Parameter 'e' implicitly has an 'any' type.
src/components/FarmDashboard.tsx(1,8): error TS6133: 'React' is declared but its value is never read.
src/components/FarmDashboard.tsx(7,33): error TS7006: Parameter 'name' implicitly has an 'any' type.
src/components/FarmDashboard.tsx(52,30): error TS7006: Parameter 'name' implicitly has an 'any' type.
src/components/FarmDashboard.tsx(94,21): error TS7031: Binding element 'label' implicitly has an 'any' type.
src/components/FarmDashboard.tsx(94,28): error TS7031: Binding element 'value' implicitly has an 'any' type.
src/components/FarmDashboard.tsx(94,35): error TS7031: Binding element 'subValue' implicitly has an 'any' type.
src/components/FarmDashboard.tsx(94,45): error TS7031: Binding element 'icon' implicitly has an 'any' type.
src/components/FarmDashboard.tsx(109,3): error TS7031: Binding element 'farmData' implicitly has an 'any' type.
src/components/FarmDashboard.tsx(144,22): error TS7006: Parameter 'num' implicitly has an 'any' type.
src/components/FarmDashboard.tsx(151,27): error TS7006: Parameter 'amount' implicitly has an 'any' type.
src/components/FarmDashboard.tsx(163,24): error TS2554: Expected 0 arguments, but got 3.
src/components/FarmDashboard.tsx(187,12): error TS7053: Element implicitly has an 'any' type because expression of type 'string' can't be used to index type '{}'.
  No index signature with a parameter of type 'string' was found on type '{}'.
src/components/FarmDashboard.tsx(188,21): error TS18046: 'nft' is of type 'unknown'.
src/components/FarmDashboard.tsx(188,40): error TS18046: 'nft' is of type 'unknown'.
src/components/FarmDashboard.tsx(189,21): error TS18046: 'nft' is of type 'unknown'.
src/components/FarmDashboard.tsx(189,33): error TS18046: 'nft' is of type 'unknown'.
src/components/FarmDashboard.tsx(189,73): error TS18046: 'nft' is of type 'unknown'.
src/components/FarmDashboard.tsx(217,26): error TS7053: Element implicitly has an 'any' type because expression of type 'string' can't be used to index type '{}'.
  No index signature with a parameter of type 'string' was found on type '{}'.
src/components/FarmDashboard.tsx(219,26): error TS7053: Element implicitly has an 'any' type because expression of type 'string' can't be used to index type '{}'.
  No index signature with a parameter of type 'string' was found on type '{}'.
src/components/FarmDashboard.tsx(336,72): error TS2339: Property 'email' does not exist on type 'never'.
src/components/FarmDashboard.tsx(350,42): error TS2554: Expected 0 arguments, but got 2.
src/components/FarmDashboard.tsx(389,44): error TS2554: Expected 0 arguments, but got 1.
src/components/FarmDashboard.tsx(411,44): error TS2554: Expected 0 arguments, but got 1.
src/components/FarmDashboard.tsx(523,44): error TS2554: Expected 0 arguments, but got 1.
src/components/FarmDashboard.tsx(558,14): error TS2741: Property 'subValue' is missing in type '{ label: any; value: any; icon: string; }' but required in type '{ colorClass?: string | undefined; icon: any; label: any; subValue: any; value: any; }'.
src/components/FarmDashboard.tsx(560,14): error TS2741: Property 'subValue' is missing in type '{ label: any; value: string; icon: string; }' but required in type '{ colorClass?: string | undefined; icon: any; label: any; subValue: any; value: any; }'.
src/components/FarmDashboard.tsx(561,14): error TS2741: Property 'subValue' is missing in type '{ label: any; value: string; icon: string; colorClass: string; }' but required in type '{ colorClass?: string | undefined; icon: any; label: any; subValue: any; value: any; }'.
src/components/FarmDashboard.tsx(562,14): error TS2741: Property 'subValue' is missing in type '{ label: any; value: string; icon: string; colorClass: string; }' but required in type '{ colorClass?: string | undefined; icon: any; label: any; subValue: any; value: any; }'.
src/components/FarmDashboard.tsx(563,14): error TS2741: Property 'subValue' is missing in type '{ label: any; value: any; icon: string; colorClass: string; }' but required in type '{ colorClass?: string | undefined; icon: any; label: any; subValue: any; value: any; }'.
src/components/FarmDashboard.tsx(564,14): error TS2741: Property 'subValue' is missing in type '{ label: any; value: any; icon: string; colorClass: string; }' but required in type '{ colorClass?: string | undefined; icon: any; label: any; subValue: any; value: any; }'.
src/components/FarmDashboard.tsx(565,14): error TS2741: Property 'subValue' is missing in type '{ label: any; value: string; icon: string; colorClass: string; }' but required in type '{ colorClass?: string | undefined; icon: any; label: any; subValue: any; value: any; }'.
src/components/Header.tsx(1,8): error TS6133: 'React' is declared but its value is never read.
src/components/Header.tsx(6,3): error TS7031: Binding element 'flowerPrice' implicitly has an 'any' type.
src/components/Header.tsx(7,3): error TS7031: Binding element 'flowerPriceUsd' implicitly has an 'any' type.
src/components/Header.tsx(8,3): error TS7031: Binding element 'effectiveTax' implicitly has an 'any' type.
src/components/Header.tsx(9,3): error TS7031: Binding element 'selectedIsland' implicitly has an 'any' type.
src/components/Header.tsx(10,3): error TS7031: Binding element 'onIslandChange' implicitly has an 'any' type.
src/components/Header.tsx(11,3): error TS7031: Binding element 'isVip' implicitly has an 'any' type.
src/components/Header.tsx(12,3): error TS7031: Binding element 'onVipToggle' implicitly has an 'any' type.
src/components/Header.tsx(13,3): error TS7031: Binding element 'isShrine' implicitly has an 'any' type.
src/components/Header.tsx(14,3): error TS7031: Binding element 'onShrineToggle' implicitly has an 'any' type.
src/components/Header.tsx(15,3): error TS7031: Binding element 'currentLang' implicitly has an 'any' type.
src/components/Header.tsx(16,3): error TS7031: Binding element 'onLangChange' implicitly has an 'any' type.
src/components/Header.tsx(17,3): error TS7031: Binding element 'selectedCurrency' implicitly has an 'any' type.
src/components/Header.tsx(18,3): error TS7031: Binding element 'onCurrencyChange' implicitly has an 'any' type.
src/components/Header.tsx(19,3): error TS7031: Binding element 'onRefresh' implicitly has an 'any' type.
src/components/Header.tsx(20,3): error TS7031: Binding element 'onOpenBuy' implicitly has an 'any' type.
src/components/Header.tsx(21,3): error TS7031: Binding element 'onOpenSell' implicitly has an 'any' type.
src/components/Header.tsx(22,3): error TS7031: Binding element 'onSearchFarm' implicitly has an 'any' type.
src/components/Header.tsx(24,3): error TS7031: Binding element 'savedFarmId' implicitly has an 'any' type.
src/components/Header.tsx(25,3): error TS7031: Binding element 'user' implicitly has an 'any' type.
src/components/Header.tsx(26,3): error TS7031: Binding element 'onOpenAuthModal' implicitly has an 'any' type.
src/components/Header.tsx(27,3): error TS7031: Binding element 'onOpenDonation' implicitly has an 'any' type.
src/components/Header.tsx(34,31): error TS7006: Parameter 'e' implicitly has an 'any' type.
src/components/Header.tsx(42,42): error TS2345: Argument of type 'string | 0' is not assignable to parameter of type 'string'.
  Type 'number' is not assignable to type 'string'.
src/components/Header.tsx(46,15): error TS7053: Element implicitly has an 'any' type because expression of type 'any' can't be used to index type '{ usd: string; brl: string; eur: string; sgd: string; pol: string; }'.
src/components/Header.tsx(256,10): error TS2741: Property 'resourceId' is missing in type '{ isToken: true; flowerPriceUsd: any; flowerPrice: any; selectedCurrency: any; currentLang: any; onClose: () => void; }' but required in type '{ currentLang?: string | undefined; flowerPrice?: number | undefined; flowerPriceUsd?: number | undefined; isToken?: boolean | undefined; onClose: any; resourceId: any; selectedCurrency?: string | undefined; }'.
src/components/MarketMoversCards.tsx(1,8): error TS6133: 'React' is declared but its value is never read.
src/components/MarketMoversCards.tsx(6,22): error TS7006: Parameter 'itemName' implicitly has an 'any' type.
src/components/MarketMoversCards.tsx(11,24): error TS7006: Parameter 'valor' implicitly has an 'any' type.
src/components/MarketMoversCards.tsx(31,3): error TS7031: Binding element 'onSelectResource' implicitly has an 'any' type.
src/components/MarketMoversCards.tsx(40,33): error TS7006: Parameter 'cat' implicitly has an 'any' type.
src/components/MarketMoversCards.tsx(43,7): error TS2349: This expression is not callable.
  Type 'never' has no call signatures.
src/components/MarketMoversCards.tsx(65,25): error TS2345: Argument of type '{ timeframe: string; topGainers: any[]; topLosers: any[]; hasData: boolean; }' is not assignable to parameter of type 'SetStateAction<{ topGainers: never[]; topLosers: never[]; hasData: boolean; }>'.
  Type '{ timeframe: string; topGainers: any[]; topLosers: any[]; hasData: boolean; }' is not assignable to type '{ topGainers: never[]; topLosers: never[]; hasData: boolean; }'.
    Types of property 'topGainers' are incompatible.
      Type 'any[]' is not assignable to type 'never[]'.
        Type 'any' is not assignable to type 'never'.
src/components/MarketMoversCards.tsx(81,44): error TS6133: 'hasData' is declared but its value is never read.
src/components/MarketMoversCards.tsx(83,28): error TS7006: Parameter 'index' implicitly has an 'any' type.
src/components/MarketMoversCards.tsx(190,43): error TS2339: Property 'changePct' does not exist on type 'never'.
src/components/MarketMoversCards.tsx(193,33): error TS2339: Property 'resource' does not exist on type 'never'.
src/components/MarketMoversCards.tsx(193,50): error TS2339: Property 'name' does not exist on type 'never'.
src/components/MarketMoversCards.tsx(194,80): error TS2339: Property 'resource' does not exist on type 'never'.
src/components/MarketMoversCards.tsx(194,97): error TS2339: Property 'name' does not exist on type 'never'.
src/components/MarketMoversCards.tsx(201,37): error TS2339: Property 'image' does not exist on type 'never'.
src/components/MarketMoversCards.tsx(201,52): error TS2339: Property 'isNft' does not exist on type 'never'.
src/components/MarketMoversCards.tsx(202,37): error TS2339: Property 'collection' does not exist on type 'never'.
src/components/MarketMoversCards.tsx(203,92): error TS2339: Property 'nft_id' does not exist on type 'never'.
src/components/MarketMoversCards.tsx(203,107): error TS2339: Property 'id' does not exist on type 'never'.
src/components/MarketMoversCards.tsx(204,90): error TS2339: Property 'nft_id' does not exist on type 'never'.
src/components/MarketMoversCards.tsx(204,105): error TS2339: Property 'id' does not exist on type 'never'.
src/components/MarketMoversCards.tsx(205,48): error TS2339: Property 'resource' does not exist on type 'never'.
src/components/MarketMoversCards.tsx(205,65): error TS2339: Property 'name' does not exist on type 'never'.
src/components/MarketMoversCards.tsx(206,37): error TS2339: Property 'resource' does not exist on type 'never'.
src/components/MarketMoversCards.tsx(206,54): error TS2339: Property 'name' does not exist on type 'never'.
src/components/MarketMoversCards.tsx(213,37): error TS2339: Property 'resource' does not exist on type 'never'.
src/components/MarketMoversCards.tsx(213,54): error TS2339: Property 'name' does not exist on type 'never'.
src/components/MarketMoversCards.tsx(215,35): error TS2339: Property 'boost_text' does not exist on type 'never'.
src/components/MarketMoversCards.tsx(216,219): error TS2339: Property 'boost_text' does not exist on type 'never'.
src/components/MarketMoversCards.tsx(217,39): error TS2339: Property 'boost_text' does not exist on type 'never'.
src/components/MarketMoversCards.tsx(223,37): error TS2339: Property 'isNft' does not exist on type 'never'.
src/components/MarketMoversCards.tsx(223,106): error TS2339: Property 'currentPrice' does not exist on type 'never'.
src/components/MarketMoversCards.tsx(226,87): error TS2339: Property 'basePrice' does not exist on type 'never'.
src/components/MarketMoversCards.tsx(238,60): error TS2339: Property 'changePct' does not exist on type 'never'.
src/components/MarketMoversCards.tsx(280,43): error TS2339: Property 'changePct' does not exist on type 'never'.
src/components/MarketMoversCards.tsx(283,33): error TS2339: Property 'resource' does not exist on type 'never'.
src/components/MarketMoversCards.tsx(283,50): error TS2339: Property 'name' does not exist on type 'never'.
src/components/MarketMoversCards.tsx(284,80): error TS2339: Property 'resource' does not exist on type 'never'.
src/components/MarketMoversCards.tsx(284,97): error TS2339: Property 'name' does not exist on type 'never'.
src/components/MarketMoversCards.tsx(291,37): error TS2339: Property 'image' does not exist on type 'never'.
src/components/MarketMoversCards.tsx(291,52): error TS2339: Property 'isNft' does not exist on type 'never'.
src/components/MarketMoversCards.tsx(292,37): error TS2339: Property 'collection' does not exist on type 'never'.
src/components/MarketMoversCards.tsx(293,92): error TS2339: Property 'nft_id' does not exist on type 'never'.
src/components/MarketMoversCards.tsx(293,107): error TS2339: Property 'id' does not exist on type 'never'.
src/components/MarketMoversCards.tsx(294,90): error TS2339: Property 'nft_id' does not exist on type 'never'.
src/components/MarketMoversCards.tsx(294,105): error TS2339: Property 'id' does not exist on type 'never'.
src/components/MarketMoversCards.tsx(295,48): error TS2339: Property 'resource' does not exist on type 'never'.
src/components/MarketMoversCards.tsx(295,65): error TS2339: Property 'name' does not exist on type 'never'.
src/components/MarketMoversCards.tsx(296,37): error TS2339: Property 'resource' does not exist on type 'never'.
src/components/MarketMoversCards.tsx(296,54): error TS2339: Property 'name' does not exist on type 'never'.
src/components/MarketMoversCards.tsx(303,37): error TS2339: Property 'resource' does not exist on type 'never'.
src/components/MarketMoversCards.tsx(303,54): error TS2339: Property 'name' does not exist on type 'never'.
src/components/MarketMoversCards.tsx(305,35): error TS2339: Property 'boost_text' does not exist on type 'never'.
src/components/MarketMoversCards.tsx(306,219): error TS2339: Property 'boost_text' does not exist on type 'never'.
src/components/MarketMoversCards.tsx(307,39): error TS2339: Property 'boost_text' does not exist on type 'never'.
src/components/MarketMoversCards.tsx(313,37): error TS2339: Property 'isNft' does not exist on type 'never'.
src/components/MarketMoversCards.tsx(313,106): error TS2339: Property 'currentPrice' does not exist on type 'never'.
src/components/MarketMoversCards.tsx(316,87): error TS2339: Property 'basePrice' does not exist on type 'never'.
src/components/MarketMoversCards.tsx(328,33): error TS2339: Property 'changePct' does not exist on type 'never'.
src/components/MarketMoversCards.tsx(328,68): error TS2339: Property 'changePct' does not exist on type 'never'.
src/components/PortfolioTable.tsx(1,8): error TS6133: 'React' is declared but its value is never read.
src/components/PortfolioTable.tsx(6,22): error TS7006: Parameter 'itemName' implicitly has an 'any' type.
src/components/PortfolioTable.tsx(11,24): error TS7006: Parameter 'valor' implicitly has an 'any' type.
src/components/PortfolioTable.tsx(20,24): error TS7006: Parameter 'valor' implicitly has an 'any' type.
src/components/PortfolioTable.tsx(25,15): error TS7053: Element implicitly has an 'any' type because expression of type 'string' can't be used to index type '{ usd: string; brl: string; eur: string; sgd: string; pol: string; }'.
  No index signature with a parameter of type 'string' was found on type '{ usd: string; brl: string; eur: string; sgd: string; pol: string; }'.
src/components/PortfolioTable.tsx(49,3): error TS7031: Binding element 'onUpdateCustomAvgPrice' implicitly has an 'any' type.
src/components/PortfolioTable.tsx(50,3): error TS7031: Binding element 'onUpdateTransactionPrice' implicitly has an 'any' type.
src/components/PortfolioTable.tsx(51,3): error TS7031: Binding element 'onOpenSell' implicitly has an 'any' type.
src/components/PortfolioTable.tsx(57,25): error TS2339: Property 'nome' does not exist on type 'never'.
src/components/PortfolioTable.tsx(57,65): error TS2339: Property 'nome' does not exist on type 'never'.
src/components/PortfolioTable.tsx(83,38): error TS2339: Property 'lucroAbsoluto' does not exist on type 'never'.
src/components/PortfolioTable.tsx(84,38): error TS2339: Property 'lucroAbsolutoMoeda' does not exist on type 'never'.
src/components/PortfolioTable.tsx(85,32): error TS2339: Property 'image' does not exist on type 'never'.
src/components/PortfolioTable.tsx(85,47): error TS2339: Property 'isNft' does not exist on type 'never'.
src/components/PortfolioTable.tsx(86,21): error TS2339: Property 'collection' does not exist on type 'never'.
src/components/PortfolioTable.tsx(87,76): error TS2339: Property 'nft_id' does not exist on type 'never'.
src/components/PortfolioTable.tsx(88,74): error TS2339: Property 'nft_id' does not exist on type 'never'.
src/components/PortfolioTable.tsx(89,32): error TS2339: Property 'nome' does not exist on type 'never'.
src/components/PortfolioTable.tsx(93,25): error TS2339: Property 'nome' does not exist on type 'never'.
src/components/PortfolioTable.tsx(102,31): error TS2339: Property 'nome' does not exist on type 'never'.
src/components/PortfolioTable.tsx(108,80): error TS2339: Property 'nome' does not exist on type 'never'.
src/components/PortfolioTable.tsx(109,29): error TS2339: Property 'isNft' does not exist on type 'never'.
src/components/PortfolioTable.tsx(114,29): error TS2339: Property 'boost_text' does not exist on type 'never'.
src/components/PortfolioTable.tsx(116,33): error TS2339: Property 'boost_text' does not exist on type 'never'.
src/components/PortfolioTable.tsx(120,99): error TS2339: Property 'qty' does not exist on type 'never'.
src/components/PortfolioTable.tsx(126,53): error TS2339: Property 'nome' does not exist on type 'never'.
src/components/PortfolioTable.tsx(137,82): error TS2339: Property 'custoTotal' does not exist on type 'never'.
src/components/PortfolioTable.tsx(138,25): error TS2339: Property 'custoTotalUsd' does not exist on type 'never'.
src/components/PortfolioTable.tsx(139,89): error TS2339: Property 'custoTotalUsd' does not exist on type 'never'.
src/components/PortfolioTable.tsx(144,82): error TS2339: Property 'precoMedio' does not exist on type 'never'.
src/components/PortfolioTable.tsx(145,25): error TS2339: Property 'precoMedioUsd' does not exist on type 'never'.
src/components/PortfolioTable.tsx(146,103): error TS2339: Property 'precoMedioUsd' does not exist on type 'never'.
src/components/PortfolioTable.tsx(151,96): error TS2339: Property 'valorVendaLiquidoTotal' does not exist on type 'never'.
src/components/PortfolioTable.tsx(155,82): error TS2339: Property 'precoP2P' does not exist on type 'never'.
src/components/PortfolioTable.tsx(155,116): error TS2339: Property 'precoP2P' does not exist on type 'never'.
src/components/PortfolioTable.tsx(163,27): error TS2339: Property 'lucroAbsoluto' does not exist on type 'never'.
src/components/PortfolioTable.tsx(163,77): error TS2339: Property 'lucroAbsoluto' does not exist on type 'never'.
src/components/PortfolioTable.tsx(163,107): error TS2339: Property 'lucroPercentual' does not exist on type 'never'.
src/components/PortfolioTable.tsx(167,27): error TS2339: Property 'lucroAbsolutoMoeda' does not exist on type 'never'.
src/components/PortfolioTable.tsx(167,82): error TS2339: Property 'lucroAbsolutoMoeda' does not exist on type 'never'.
src/components/PortfolioTable.tsx(167,128): error TS2339: Property 'lucroPercentualMoeda' does not exist on type 'never'.
src/components/PortfolioTable.tsx(193,42): error TS2339: Property 'lucroAbsoluto' does not exist on type 'never'.
src/components/PortfolioTable.tsx(194,42): error TS2339: Property 'lucroAbsolutoMoeda' does not exist on type 'never'.
src/components/PortfolioTable.tsx(195,36): error TS2339: Property 'image' does not exist on type 'never'.
src/components/PortfolioTable.tsx(195,51): error TS2339: Property 'isNft' does not exist on type 'never'.
src/components/PortfolioTable.tsx(196,25): error TS2339: Property 'collection' does not exist on type 'never'.
src/components/PortfolioTable.tsx(197,80): error TS2339: Property 'nft_id' does not exist on type 'never'.
src/components/PortfolioTable.tsx(198,78): error TS2339: Property 'nft_id' does not exist on type 'never'.
src/components/PortfolioTable.tsx(199,36): error TS2339: Property 'nome' does not exist on type 'never'.
src/components/PortfolioTable.tsx(203,29): error TS2339: Property 'nome' does not exist on type 'never'.
src/components/PortfolioTable.tsx(211,33): error TS2339: Property 'nome' does not exist on type 'never'.
src/components/PortfolioTable.tsx(216,35): error TS2339: Property 'nome' does not exist on type 'never'.
src/components/PortfolioTable.tsx(217,29): error TS2339: Property 'isNft' does not exist on type 'never'.
src/components/PortfolioTable.tsx(222,29): error TS2339: Property 'boost_text' does not exist on type 'never'.
src/components/PortfolioTable.tsx(223,164): error TS2339: Property 'boost_text' does not exist on type 'never'.
src/components/PortfolioTable.tsx(224,33): error TS2339: Property 'boost_text' does not exist on type 'never'.
src/components/PortfolioTable.tsx(229,69): error TS2339: Property 'qty' does not exist on type 'never'.
src/components/PortfolioTable.tsx(231,41): error TS2339: Property 'custoTotal' does not exist on type 'never'.
src/components/PortfolioTable.tsx(232,27): error TS2339: Property 'custoTotalUsd' does not exist on type 'never'.
src/components/PortfolioTable.tsx(233,86): error TS2339: Property 'custoTotalUsd' does not exist on type 'never'.
src/components/PortfolioTable.tsx(237,41): error TS2339: Property 'precoMedio' does not exist on type 'never'.
src/components/PortfolioTable.tsx(238,27): error TS2339: Property 'precoMedioUsd' does not exist on type 'never'.
src/components/PortfolioTable.tsx(239,100): error TS2339: Property 'precoMedioUsd' does not exist on type 'never'.
src/components/PortfolioTable.tsx(243,27): error TS2339: Property 'precoP2P' does not exist on type 'never'.
src/components/PortfolioTable.tsx(243,61): error TS2339: Property 'precoP2P' does not exist on type 'never'.
src/components/PortfolioTable.tsx(246,41): error TS2339: Property 'valorVendaLiquidoTotal' does not exist on type 'never'.
src/components/PortfolioTable.tsx(248,44): error TS2339: Property 'precoVendaLiquidoUnitario' does not exist on type 'never'.
src/components/PortfolioTable.tsx(254,31): error TS2339: Property 'lucroAbsoluto' does not exist on type 'never'.
src/components/PortfolioTable.tsx(254,81): error TS2339: Property 'lucroAbsoluto' does not exist on type 'never'.
src/components/PortfolioTable.tsx(254,111): error TS2339: Property 'lucroPercentual' does not exist on type 'never'.
src/components/PortfolioTable.tsx(257,31): error TS2339: Property 'lucroAbsolutoMoeda' does not exist on type 'never'.
src/components/PortfolioTable.tsx(257,86): error TS2339: Property 'lucroAbsolutoMoeda' does not exist on type 'never'.
src/components/PortfolioTable.tsx(257,132): error TS2339: Property 'lucroPercentualMoeda' does not exist on type 'never'.
src/components/PortfolioTable.tsx(265,57): error TS2339: Property 'nome' does not exist on type 'never'.
src/components/PositionDetailsModal.tsx(1,8): error TS6133: 'React' is declared but its value is never read.
src/components/PositionDetailsModal.tsx(5,22): error TS7006: Parameter 'itemName' implicitly has an 'any' type.
src/components/PositionDetailsModal.tsx(10,24): error TS7006: Parameter 'valor' implicitly has an 'any' type.
src/components/PositionDetailsModal.tsx(19,24): error TS7006: Parameter 'valor' implicitly has an 'any' type.
src/components/PositionDetailsModal.tsx(24,15): error TS7053: Element implicitly has an 'any' type because expression of type 'string' can't be used to index type '{ usd: string; brl: string; eur: string; sgd: string; pol: string; }'.
  No index signature with a parameter of type 'string' was found on type '{ usd: string; brl: string; eur: string; sgd: string; pol: string; }'.
src/components/PositionDetailsModal.tsx(44,3): error TS7031: Binding element 'position' implicitly has an 'any' type.
src/components/PositionDetailsModal.tsx(47,3): error TS6133: 'selectedCurrency' is declared but its value is never read.
src/components/PositionDetailsModal.tsx(48,3): error TS7031: Binding element 'onUpdateCustomAvgPrice' implicitly has an 'any' type.
src/components/PositionDetailsModal.tsx(49,3): error TS7031: Binding element 'onUpdateTransactionPrice' implicitly has an 'any' type.
src/components/PositionDetailsModal.tsx(50,3): error TS7031: Binding element 'onClose' implicitly has an 'any' type.
src/components/PositionDetailsModal.tsx(78,25): error TS7006: Parameter 'txId' implicitly has an 'any' type.
src/components/PositionDetailsModal.tsx(78,31): error TS7006: Parameter 'currentCotacao' implicitly has an 'any' type.
src/components/PositionDetailsModal.tsx(83,31): error TS7006: Parameter 'txId' implicitly has an 'any' type.
src/components/PositionDetailsModal.tsx(98,25): error TS2339: Property 'recurso' does not exist on type 'never'.
src/components/PositionDetailsModal.tsx(98,53): error TS2339: Property 'recurso' does not exist on type 'never'.
src/components/PositionDetailsModal.tsx(100,32): error TS2339: Property 'timestamp' does not exist on type 'never'.
src/components/PositionDetailsModal.tsx(100,47): error TS2339: Property 'created_at' does not exist on type 'never'.
src/components/PositionDetailsModal.tsx(100,63): error TS2339: Property 'id' does not exist on type 'never'.
src/components/PositionDetailsModal.tsx(101,32): error TS2339: Property 'timestamp' does not exist on type 'never'.
src/components/PositionDetailsModal.tsx(101,47): error TS2339: Property 'created_at' does not exist on type 'never'.
src/components/PositionDetailsModal.tsx(101,63): error TS2339: Property 'id' does not exist on type 'never'.
src/components/PositionDetailsModal.tsx(112,32): error TS7006: Parameter 'e' implicitly has an 'any' type.
src/components/PositionDetailsModal.tsx(139,38): error TS2345: Argument of type 'string | 0' is not assignable to parameter of type 'string'.
  Type 'number' is not assignable to type 'string'.
src/components/PositionDetailsModal.tsx(139,65): error TS2345: Argument of type 'string | 0' is not assignable to parameter of type 'string'.
  Type 'number' is not assignable to type 'string'.
src/components/PositionDetailsModal.tsx(321,36): error TS2339: Property 'tipo' does not exist on type 'never'.
src/components/PositionDetailsModal.tsx(322,53): error TS2339: Property 'timestamp' does not exist on type 'never'.
src/components/PositionDetailsModal.tsx(322,69): error TS2339: Property 'created_at' does not exist on type 'never'.
src/components/PositionDetailsModal.tsx(322,86): error TS2339: Property 'id' does not exist on type 'never'.
src/components/PositionDetailsModal.tsx(328,40): error TS2339: Property 'cotacao_entrada_usd' does not exist on type 'never'.
src/components/PositionDetailsModal.tsx(328,66): error TS2339: Property 'token_price_usd_at_purchase' does not exist on type 'never'.
src/components/PositionDetailsModal.tsx(329,39): error TS2339: Property 'total_price_usd' does not exist on type 'never'.
src/components/PositionDetailsModal.tsx(329,62): error TS2339: Property 'totalPrice' does not exist on type 'never'.
src/components/PositionDetailsModal.tsx(330,40): error TS2339: Property 'id' does not exist on type 'never'.
src/components/PositionDetailsModal.tsx(330,52): error TS2339: Property 'recurso' does not exist on type 'never'.
src/components/PositionDetailsModal.tsx(330,74): error TS2339: Property 'timestamp' does not exist on type 'never'.
src/components/PositionDetailsModal.tsx(334,43): error TS2339: Property 'id' does not exist on type 'never'.
src/components/PositionDetailsModal.tsx(337,96): error TS2339: Property 'qty' does not exist on type 'never'.
src/components/PositionDetailsModal.tsx(338,80): error TS2339: Property 'totalPrice' does not exist on type 'never'.
src/components/PositionDetailsModal.tsx(353,62): error TS2339: Property 'id' does not exist on type 'never'.
src/components/PositionDetailsModal.tsx(375,92): error TS2339: Property 'qty' does not exist on type 'never'.
src/components/PositionDetailsModal.tsx(376,84): error TS2339: Property 'unitPrice' does not exist on type 'never'.
src/components/PositionDetailsModal.tsx(380,63): error TS2339: Property 'id' does not exist on type 'never'.
src/components/PositionDetailsModal.tsx(382,66): error TS2339: Property 'id' does not exist on type 'never'.
src/components/PositionDetailsModal.tsx(392,86): error TS2339: Property 'totalPrice' does not exist on type 'never'.
src/components/PriceChartModal.tsx(1,8): error TS6133: 'React' is declared but its value is never read.
src/components/PriceChartModal.tsx(5,28): error TS7031: Binding element 'resourceId' implicitly has an 'any' type.
src/components/PriceChartModal.tsx(5,146): error TS7031: Binding element 'onClose' implicitly has an 'any' type.
src/components/PriceChartModal.tsx(29,22): error TS7053: Element implicitly has an 'any' type because expression of type 'string' can't be used to index type '{ usd: string; brl: string; eur: string; sgd: string; pol: string; }'.
  No index signature with a parameter of type 'string' was found on type '{ usd: string; brl: string; eur: string; sgd: string; pol: string; }'.
src/components/PriceChartModal.tsx(48,22): error TS2345: Argument of type 'any[]' is not assignable to parameter of type 'SetStateAction<never[]>'.
  Type 'any[]' is not assignable to type 'never[]'.
    Type 'any' is not assignable to type 'never'.
src/components/PriceChartModal.tsx(68,5): error TS2322: Type 'any[]' is not assignable to type 'never[]'.
  Type 'any' is not assignable to type 'never'.
src/components/PriceChartModal.tsx(70,16): error TS2698: Spread types may only be created from object types.
src/components/PriceChartModal.tsx(70,42): error TS2339: Property 'price_sfl' does not exist on type 'never'.
src/components/PriceChartModal.tsx(70,57): error TS2339: Property 'price_usd' does not exist on type 'never'.
src/components/PriceChartModal.tsx(70,114): error TS2339: Property 'avg_price_sfl' does not exist on type 'never'.
src/components/PriceChartModal.tsx(70,133): error TS2339: Property 'avg_price_usd' does not exist on type 'never'.
src/components/PriceChartModal.tsx(70,190): error TS2339: Property 'price_usd' does not exist on type 'never'.
src/components/PriceChartModal.tsx(78,46): error TS2339: Property 'price_sfl' does not exist on type 'never'.
src/components/PriceChartModal.tsx(78,70): error TS2339: Property 'avg_price_sfl' does not exist on type 'never'.
src/components/PriceChartModal.tsx(78,98): error TS2339: Property 'price_usd' does not exist on type 'never'.
src/components/PriceChartModal.tsx(78,122): error TS2339: Property 'price' does not exist on type 'never'.
src/components/PriceChartModal.tsx(82,24): error TS2345: Argument of type 'any' is not assignable to parameter of type 'never'.
src/components/PriceChartModal.tsx(83,9): error TS2698: Spread types may only be created from object types.
src/components/PriceChartModal.tsx(95,90): error TS2339: Property 'isInitialData' does not exist on type 'never'.
src/components/PriceChartModal.tsx(99,25): error TS2339: Property 'price_sfl' does not exist on type 'never'.
src/components/PriceChartModal.tsx(99,41): error TS2339: Property 'avg_price_sfl' does not exist on type 'never'.
src/components/PriceChartModal.tsx(99,61): error TS2339: Property 'price_usd' does not exist on type 'never'.
src/components/PriceChartModal.tsx(99,77): error TS2339: Property 'price' does not exist on type 'never'.
src/components/PriceChartModal.tsx(129,17): error TS7006: Parameter 'index' implicitly has an 'any' type.
src/components/PriceChartModal.tsx(129,24): error TS7006: Parameter 'total' implicitly has an 'any' type.
src/components/PriceChartModal.tsx(135,17): error TS7006: Parameter 'val' implicitly has an 'any' type.
src/components/PriceChartModal.tsx(145,25): error TS7006: Parameter 'valKey' implicitly has an 'any' type.
src/components/PriceChartModal.tsx(151,41): error TS2339: Property 'floor_sfl' does not exist on type 'never'.
src/components/PriceChartModal.tsx(151,56): error TS2339: Property 'avg_floor_sfl' does not exist on type 'never'.
src/components/PriceChartModal.tsx(151,75): error TS2339: Property 'price_sfl' does not exist on type 'never'.
src/components/PriceChartModal.tsx(151,90): error TS2339: Property 'avg_price_sfl' does not exist on type 'never'.
src/components/PriceChartModal.tsx(151,109): error TS2339: Property 'price_usd' does not exist on type 'never'.
src/components/PriceChartModal.tsx(324,40): error TS2339: Property 'avg_price_sfl' does not exist on type 'never'.
src/components/PriceChartModal.tsx(324,59): error TS2339: Property 'price_sfl' does not exist on type 'never'.
src/components/PriceChartModal.tsx(324,74): error TS2339: Property 'price_usd' does not exist on type 'never'.
src/components/PriceChartModal.tsx(336,61): error TS2698: Spread types may only be created from object types.
src/components/PriceChartModal.tsx(338,61): error TS2698: Spread types may only be created from object types.
src/components/PriceChartModal.tsx(347,79): error TS2339: Property 'day' does not exist on type 'never'.
src/components/PriceChartModal.tsx(347,99): error TS2339: Property 'timestamp' does not exist on type 'never'.
src/components/PriceChartModal.tsx(348,74): error TS2339: Property 'val' does not exist on type 'never'.
src/components/ResourceGrid.tsx(1,8): error TS6133: 'React' is declared but its value is never read.
src/components/ResourceGrid.tsx(58,22): error TS7006: Parameter 'itemName' implicitly has an 'any' type.
src/components/ResourceGrid.tsx(63,26): error TS7006: Parameter 'catId' implicitly has an 'any' type.
src/components/ResourceGrid.tsx(63,33): error TS6133: 'sampleNft' is declared but its value is never read.
src/components/ResourceGrid.tsx(74,20): error TS7053: Element implicitly has an 'any' type because expression of type 'any' can't be used to index type '{ crops: string; fruits: string; animals: string; minerals: string; misc: string; }'.
src/components/ResourceGrid.tsx(78,24): error TS7006: Parameter 'valor' implicitly has an 'any' type.
src/components/ResourceGrid.tsx(87,29): error TS7006: Parameter 'nomeItem' implicitly has an 'any' type.
src/components/ResourceGrid.tsx(100,3): error TS7031: Binding element 'onOpenBuy' implicitly has an 'any' type.
src/components/ResourceGrid.tsx(101,3): error TS7031: Binding element 'onOpenSell' implicitly has an 'any' type.
src/components/ResourceGrid.tsx(113,33): error TS7006: Parameter 'catId' implicitly has an 'any' type.
src/components/ResourceGrid.tsx(115,33): error TS2349: This expression is not callable.
  Type 'never' has no call signatures.
src/components/ResourceGrid.tsx(128,31): error TS7006: Parameter 'val' implicitly has an 'any' type.
src/components/ResourceGrid.tsx(133,37): error TS2349: This expression is not callable.
  Type 'never' has no call signatures.
src/components/ResourceGrid.tsx(135,7): error TS2349: This expression is not callable.
  Type 'never' has no call signatures.
src/components/ResourceGrid.tsx(149,39): error TS7053: Element implicitly has an 'any' type because expression of type 'string' can't be used to index type '{}'.
  No index signature with a parameter of type 'string' was found on type '{}'.
src/components/ResourceGrid.tsx(153,10): error TS7053: Element implicitly has an 'any' type because expression of type 'string' can't be used to index type '{}'.
  No index signature with a parameter of type 'string' was found on type '{}'.
src/components/ResourceGrid.tsx(153,25): error TS7053: Element implicitly has an 'any' type because expression of type 'string' can't be used to index type '{}'.
  No index signature with a parameter of type 'string' was found on type '{}'.
src/components/ResourceGrid.tsx(154,5): error TS7053: Element implicitly has an 'any' type because expression of type 'string' can't be used to index type '{}'.
  No index signature with a parameter of type 'string' was found on type '{}'.
src/components/ResourceGrid.tsx(158,56): error TS2339: Property 'name' does not exist on type 'never'.
src/components/ResourceGrid.tsx(164,23): error TS7006: Parameter 'item' implicitly has an 'any' type.
src/components/ResourceGrid.tsx(187,25): error TS7053: Element implicitly has an 'any' type because expression of type 'string' can't be used to index type '{}'.
  No index signature with a parameter of type 'string' was found on type '{}'.
src/components/ResourceGrid.tsx(187,54): error TS7006: Parameter 'item' implicitly has an 'any' type.
src/components/ResourceGrid.tsx(232,28): error TS2339: Property 'isNft' does not exist on type '{ id: string; key: string; } | { id: string; key: string; isNft: boolean | undefined; }'.
  Property 'isNft' does not exist on type '{ id: string; key: string; }'.
src/components/ResourceGrid.tsx(235,24): error TS7053: Element implicitly has an 'any' type because expression of type 'string' can't be used to index type '{}'.
  No index signature with a parameter of type 'string' was found on type '{}'.
src/components/ResourceGrid.tsx(235,53): error TS7006: Parameter 'item' implicitly has an 'any' type.
src/components/ResourceGrid.tsx(240,21): error TS2339: Property 'isNft' does not exist on type '{ id: string; key: string; } | { id: string; key: string; isNft: boolean | undefined; }'.
  Property 'isNft' does not exist on type '{ id: string; key: string; }'.
src/components/ResourceGrid.tsx(242,83): error TS7053: Element implicitly has an 'any' type because expression of type 'string' can't be used to index type '{}'.
  No index signature with a parameter of type 'string' was found on type '{}'.
src/components/ResourceGrid.tsx(281,51): error TS2339: Property 'floor' does not exist on type 'never'.
src/components/ResourceGrid.tsx(281,76): error TS2339: Property 'floor' does not exist on type 'never'.
src/components/ResourceGrid.tsx(299,41): error TS2339: Property 'image' does not exist on type 'never'.
src/components/ResourceGrid.tsx(299,55): error TS2339: Property 'collection' does not exist on type 'never'.
src/components/ResourceGrid.tsx(300,81): error TS2339: Property 'id' does not exist on type 'never'.
src/components/ResourceGrid.tsx(301,79): error TS2339: Property 'id' does not exist on type 'never'.
src/components/ResourceGrid.tsx(305,37): error TS2339: Property 'collection' does not exist on type 'never'.
src/components/ResourceGrid.tsx(305,64): error TS2339: Property 'id' does not exist on type 'never'.
src/components/ResourceGrid.tsx(305,74): error TS2339: Property 'name' does not exist on type 'never'.
src/components/ResourceGrid.tsx(308,67): error TS2353: Object literal may only specify known properties, and 'name' does not exist in type '(prevState: null) => null'.
src/components/ResourceGrid.tsx(308,77): error TS2339: Property 'displayName' does not exist on type 'never'.
src/components/ResourceGrid.tsx(308,96): error TS2339: Property 'name' does not exist on type 'never'.
src/components/ResourceGrid.tsx(308,114): error TS2339: Property 'id' does not exist on type 'never'.
src/components/ResourceGrid.tsx(308,142): error TS2339: Property 'floor' does not exist on type 'never'.
src/components/ResourceGrid.tsx(308,165): error TS2339: Property 'boost_text' does not exist on type 'never'.
src/components/ResourceGrid.tsx(315,40): error TS2339: Property 'displayName' does not exist on type 'never'.
src/components/ResourceGrid.tsx(315,59): error TS2339: Property 'name' does not exist on type 'never'.
src/components/ResourceGrid.tsx(320,83): error TS2339: Property 'displayName' does not exist on type 'never'.
src/components/ResourceGrid.tsx(320,102): error TS2339: Property 'name' does not exist on type 'never'.
src/components/ResourceGrid.tsx(320,113): error TS2339: Property 'displayName' does not exist on type 'never'.
src/components/ResourceGrid.tsx(320,132): error TS2339: Property 'name' does not exist on type 'never'.
src/components/ResourceGrid.tsx(321,108): error TS2339: Property 'floor' does not exist on type 'never'.
src/components/ResourceGrid.tsx(322,34): error TS2339: Property 'boost_text' does not exist on type 'never'.
src/components/ResourceGrid.tsx(325,44): error TS2339: Property 'boost_text' does not exist on type 'never'.
src/components/ResourceGrid.tsx(328,40): error TS2339: Property 'boost_text' does not exist on type 'never'.
src/components/ResourceGrid.tsx(339,60): error TS2339: Property 'displayName' does not exist on type 'never'.
src/components/ResourceGrid.tsx(339,79): error TS2339: Property 'name' does not exist on type 'never'.
src/components/ResourceGrid.tsx(339,112): error TS2339: Property 'id' does not exist on type 'never'.
src/components/ResourceGrid.tsx(339,131): error TS2339: Property 'floor' does not exist on type 'never'.
src/components/ResourceGrid.tsx(339,154): error TS2339: Property 'boost_text' does not exist on type 'never'.
src/components/ResourceGrid.tsx(348,62): error TS2339: Property 'displayName' does not exist on type 'never'.
src/components/ResourceGrid.tsx(348,81): error TS2339: Property 'name' does not exist on type 'never'.
src/components/ResourceGrid.tsx(348,114): error TS2339: Property 'id' does not exist on type 'never'.
src/components/ResourceGrid.tsx(348,133): error TS2339: Property 'floor' does not exist on type 'never'.
src/components/ResourceGrid.tsx(348,156): error TS2339: Property 'boost_text' does not exist on type 'never'.
src/components/ResourceGrid.tsx(363,23): error TS7053: Element implicitly has an 'any' type because expression of type 'string' can't be used to index type '{}'.
  No index signature with a parameter of type 'string' was found on type '{}'.
src/components/ResourceGrid.tsx(367,34): error TS7006: Parameter 'item' implicitly has an 'any' type.
src/components/ResourceGrid.tsx(373,23): error TS7006: Parameter 'a' implicitly has an 'any' type.
src/components/ResourceGrid.tsx(373,26): error TS7006: Parameter 'b' implicitly has an 'any' type.
src/components/ResourceGrid.tsx(373,33): error TS7053: Element implicitly has an 'any' type because expression of type 'any' can't be used to index type '{}'.
src/components/ResourceGrid.tsx(373,50): error TS7053: Element implicitly has an 'any' type because expression of type 'any' can't be used to index type '{}'.
src/components/ResourceGrid.tsx(390,28): error TS7006: Parameter 'item' implicitly has an 'any' type.
src/components/ResourceGrid.tsx(391,38): error TS7053: Element implicitly has an 'any' type because expression of type 'any' can't be used to index type '{}'.
src/components/TransactionModal.tsx(1,8): error TS6133: 'React' is declared but its value is never read.
src/components/TransactionModal.tsx(5,22): error TS7006: Parameter 'itemName' implicitly has an 'any' type.
src/components/TransactionModal.tsx(10,24): error TS7006: Parameter 'valor' implicitly has an 'any' type.
src/components/TransactionModal.tsx(21,3): error TS7031: Binding element 'onClose' implicitly has an 'any' type.
src/components/TransactionModal.tsx(23,3): error TS7031: Binding element 'onSubmit' implicitly has an 'any' type.
src/components/TransactionModal.tsx(51,45): error TS7006: Parameter 'nomeRecurso' implicitly has an 'any' type.
src/components/TransactionModal.tsx(61,11): error TS7053: Element implicitly has an 'any' type because expression of type 'any' can't be used to index type '{}'.
src/components/TransactionModal.tsx(62,26): error TS7053: Element implicitly has an 'any' type because expression of type 'any' can't be used to index type '{}'.
src/components/TransactionModal.tsx(68,44): error TS7053: Element implicitly has an 'any' type because expression of type 'any' can't be used to index type '{}'.
src/components/TransactionModal.tsx(68,81): error TS7053: Element implicitly has an 'any' type because expression of type 'any' can't be used to index type '{}'.
src/components/TransactionModal.tsx(69,25): error TS7053: Element implicitly has an 'any' type because expression of type 'any' can't be used to index type '{}'.
src/components/TransactionModal.tsx(69,62): error TS7053: Element implicitly has an 'any' type because expression of type 'any' can't be used to index type '{}'.
src/components/TransactionModal.tsx(71,22): error TS2345: Argument of type 'number' is not assignable to parameter of type 'SetStateAction<string>'.
src/components/TransactionModal.tsx(76,39): error TS2339: Property 'unitPrice' does not exist on type 'never'.
src/components/TransactionModal.tsx(77,54): error TS2339: Property 'unitPrice' does not exist on type 'never'.
src/components/TransactionModal.tsx(78,22): error TS2345: Argument of type 'number' is not assignable to parameter of type 'SetStateAction<string>'.
src/components/TransactionModal.tsx(86,64): error TS2339: Property 'nome' does not exist on type 'never'.
src/components/TransactionModal.tsx(86,74): error TS2339: Property 'nome' does not exist on type 'never'.
src/components/TransactionModal.tsx(87,40): error TS2339: Property 'qty' does not exist on type 'never'.
src/components/TransactionModal.tsx(88,35): error TS2339: Property 'qty' does not exist on type 'never'.
src/components/TransactionModal.tsx(89,35): error TS2339: Property 'qty' does not exist on type 'never'.
src/components/TransactionModal.tsx(90,28): error TS7053: Element implicitly has an 'any' type because expression of type 'any' can't be used to index type '{}'.
src/components/TransactionModal.tsx(90,60): error TS7053: Element implicitly has an 'any' type because expression of type 'any' can't be used to index type '{}'.
src/components/TransactionModal.tsx(90,129): error TS2339: Property 'unitPrice' does not exist on type 'never'.
src/components/TransactionModal.tsx(90,154): error TS2339: Property 'precoP2P' does not exist on type 'never'.
src/components/TransactionModal.tsx(92,40): error TS2339: Property 'qty' does not exist on type 'never'.
src/components/TransactionModal.tsx(118,33): error TS7006: Parameter 'event' implicitly has an 'any' type.
src/components/TransactionModal.tsx(119,55): error TS2339: Property 'contains' does not exist on type 'never'.
src/components/TransactionModal.tsx(138,33): error TS7006: Parameter 'val' implicitly has an 'any' type.
src/components/TransactionModal.tsx(147,34): error TS7006: Parameter 'val' implicitly has an 'any' type.
src/components/TransactionModal.tsx(156,35): error TS7006: Parameter 'val' implicitly has an 'any' type.
src/components/TransactionModal.tsx(170,69): error TS2339: Property 'qty' does not exist on type 'never'.
src/components/TransactionModal.tsx(170,100): error TS2339: Property 'nome' does not exist on type 'never'.
src/components/TransactionModal.tsx(173,63): error TS2339: Property 'name' does not exist on type 'never'.
src/components/TransactionModal.tsx(180,25): error TS7006: Parameter 'e' implicitly has an 'any' type.
src/components/TransactionModal.tsx(189,21): error TS7053: Element implicitly has an 'any' type because expression of type 'string' can't be used to index type '{}'.
  No index signature with a parameter of type 'string' was found on type '{}'.
src/components/TransactionModal.tsx(189,62): error TS7053: Element implicitly has an 'any' type because expression of type 'string' can't be used to index type '{}'.
  No index signature with a parameter of type 'string' was found on type '{}'.
src/components/TransactionModal.tsx(190,60): error TS18046: 'n' is of type 'unknown'.
src/components/TransactionModal.tsx(190,116): error TS18046: 'n' is of type 'unknown'.
src/components/TransactionModal.tsx(191,64): error TS2339: Property 'nome' does not exist on type 'never'.
src/components/TransactionModal.tsx(191,74): error TS2339: Property 'nome' does not exist on type 'never'.
src/components/TransactionModal.tsx(192,48): error TS2339: Property 'isNft' does not exist on type 'never'.
src/components/TransactionModal.tsx(192,81): error TS2339: Property 'isNft' does not exist on type 'never'.
src/components/TransactionModal.tsx(193,40): error TS2339: Property 'nft_id' does not exist on type 'never'.
src/components/TransactionModal.tsx(193,78): error TS2339: Property 'nft_id' does not exist on type 'never'.
src/components/TransactionModal.tsx(194,44): error TS2339: Property 'boost_text' does not exist on type 'never'.
src/components/TransactionModal.tsx(194,94): error TS2339: Property 'boost_text' does not exist on type 'never'.
src/components/TransactionModal.tsx(211,26): error TS2339: Property 'isNft' does not exist on type 'never'.
src/components/TransactionModal.tsx(214,7): error TS7053: Element implicitly has an 'any' type because expression of type 'string' can't be used to index type '{}'.
  No index signature with a parameter of type 'string' was found on type '{}'.
src/components/TransactionModal.tsx(215,7): error TS7053: Element implicitly has an 'any' type because expression of type 'string' can't be used to index type '{}'.
  No index signature with a parameter of type 'string' was found on type '{}'.
src/components/TransactionModal.tsx(216,53): error TS18046: 'n' is of type 'unknown'.
src/components/TransactionModal.tsx(216,113): error TS18046: 'n' is of type 'unknown'.
src/components/TransactionModal.tsx(218,45): error TS2339: Property 'nome' does not exist on type 'never'.
src/components/TransactionModal.tsx(218,55): error TS2339: Property 'nome' does not exist on type 'never'.
src/components/TransactionModal.tsx(218,112): error TS2339: Property 'isNft' does not exist on type 'never'.
src/components/TransactionModal.tsx(274,32): error TS7053: Element implicitly has an 'any' type because expression of type 'any' can't be used to index type '{}'.
src/components/TransactionModal.tsx(282,26): error TS7053: Element implicitly has an 'any' type because expression of type 'any' can't be used to index type '{}'.
src/components/TransactionModal.tsx(282,75): error TS7053: Element implicitly has an 'any' type because expression of type 'any' can't be used to index type '{}'.
src/components/TransactionModal.tsx(323,36): error TS7053: Element implicitly has an 'any' type because expression of type 'string' can't be used to index type '{}'.
  No index signature with a parameter of type 'string' was found on type '{}'.
src/hooks/useAuthSync.ts(5,37): error TS7006: Parameter 'onSettingsSynced' implicitly has an 'any' type.
src/hooks/useAuthSync.ts(11,25): error TS2345: Argument of type 'string | null' is not assignable to parameter of type 'string'.
  Type 'null' is not assignable to type 'string'.
src/hooks/useAuthSync.ts(39,42): error TS2345: Argument of type 'string | null' is not assignable to parameter of type 'string'.
  Type 'null' is not assignable to type 'string'.
src/hooks/useAuthSync.ts(40,44): error TS2339: Property 'id' does not exist on type 'never'.
src/hooks/useAuthSync.ts(50,59): error TS2339: Property 'id' does not exist on type 'never'.
src/hooks/useAuthSync.ts(77,69): error TS2339: Property 'message' does not exist on type '{}'.
src/hooks/useAuthSync.ts(97,17): error TS2345: Argument of type 'User | null' is not assignable to parameter of type 'SetStateAction<null>'.
  Type 'User' is not assignable to type 'SetStateAction<null>'.
    Type 'User' provides no match for the signature '(prevState: null): null'.
src/hooks/useAuthSync.ts(100,64): error TS2345: Argument of type 'User' is not assignable to parameter of type 'null | undefined'.
src/hooks/useAuthSync.ts(108,45): error TS6133: 'event' is declared but its value is never read.
src/hooks/useAuthSync.ts(108,45): error TS7006: Parameter 'event' implicitly has an 'any' type.
src/hooks/useAuthSync.ts(108,52): error TS7006: Parameter 'session' implicitly has an 'any' type.
src/hooks/useFarmProfile.ts(4,40): error TS7006: Parameter 'onFarmLoaded' implicitly has an 'any' type.
src/hooks/useFarmProfile.ts(8,41): error TS7006: Parameter 'query' implicitly has an 'any' type.
src/hooks/useMarketData.ts(13,20): error TS7006: Parameter 'settings' implicitly has an 'any' type.
src/hooks/useMarketData.ts(32,21): error TS6133: 'setFarmData' is declared but its value is never read.
src/hooks/useMarketData.ts(32,65): error TS7006: Parameter 'land' implicitly has an 'any' type.
src/hooks/useMarketData.ts(42,26): error TS7006: Parameter 't' implicitly has an 'any' type.
src/hooks/useMarketData.ts(46,12): error TS7053: Element implicitly has an 'any' type because expression of type 'any' can't be used to index type '{}'.
src/hooks/useMarketData.ts(47,9): error TS7053: Element implicitly has an 'any' type because expression of type 'any' can't be used to index type '{}'.
src/hooks/useMarketData.ts(58,9): error TS7053: Element implicitly has an 'any' type because expression of type 'any' can't be used to index type '{}'.
src/hooks/useMarketData.ts(59,27): error TS7053: Element implicitly has an 'any' type because expression of type 'any' can't be used to index type '{}'.
src/hooks/useMarketData.ts(60,23): error TS7053: Element implicitly has an 'any' type because expression of type 'any' can't be used to index type '{}'.
src/hooks/useMarketData.ts(63,9): error TS7053: Element implicitly has an 'any' type because expression of type 'any' can't be used to index type '{}'.
src/hooks/useMarketData.ts(64,9): error TS7053: Element implicitly has an 'any' type because expression of type 'any' can't be used to index type '{}'.
src/hooks/useMarketData.ts(66,9): error TS7053: Element implicitly has an 'any' type because expression of type 'any' can't be used to index type '{}'.
src/hooks/useMarketData.ts(68,26): error TS7053: Element implicitly has an 'any' type because expression of type 'any' can't be used to index type '{}'.
src/hooks/useMarketData.ts(69,52): error TS7053: Element implicitly has an 'any' type because expression of type 'any' can't be used to index type '{}'.
src/hooks/useMarketData.ts(70,52): error TS7053: Element implicitly has an 'any' type because expression of type 'any' can't be used to index type '{}'.
src/hooks/useMarketData.ts(71,9): error TS7053: Element implicitly has an 'any' type because expression of type 'any' can't be used to index type '{}'.
src/hooks/useMarketData.ts(72,9): error TS7053: Element implicitly has an 'any' type because expression of type 'any' can't be used to index type '{}'.
src/hooks/useMarketData.ts(73,9): error TS7053: Element implicitly has an 'any' type because expression of type 'any' can't be used to index type '{}'.
src/hooks/useMarketData.ts(78,26): error TS7053: Element implicitly has an 'any' type because expression of type 'string' can't be used to index type '{ usd: number; brl: number; eur: number; sgd: number; pol: number; }'.
  No index signature with a parameter of type 'string' was found on type '{ usd: number; brl: number; eur: number; sgd: number; pol: number; }'.
src/hooks/useMarketData.ts(82,22): error TS7053: Element implicitly has an 'any' type because expression of type 'string' can't be used to index type '{}'.
  No index signature with a parameter of type 'string' was found on type '{}'.
src/hooks/useMarketData.ts(84,22): error TS7053: Element implicitly has an 'any' type because expression of type 'string' can't be used to index type '{}'.
  No index signature with a parameter of type 'string' was found on type '{}'.
src/hooks/useMarketData.ts(104,91): error TS7053: Element implicitly has an 'any' type because expression of type 'any' can't be used to index type '{}'.
src/hooks/useMarketData.ts(108,28): error TS7053: Element implicitly has an 'any' type because expression of type 'any' can't be used to index type '{}'.
src/hooks/useMarketData.ts(108,66): error TS7053: Element implicitly has an 'any' type because expression of type 'any' can't be used to index type '{}'.
src/hooks/useMarketData.ts(111,22): error TS7053: Element implicitly has an 'any' type because expression of type 'any' can't be used to index type '{ Sunflower: number; Potato: number; Pumpkin: number; Carrot: number; Cabbage: number; Beetroot: number; Cauliflower: number; Parsnip: number; Radish: number; Wheat: number; Kale: number; Apple: number; ... 52 more ...; Saltwort: number; }'.
src/hooks/useMarketData.ts(111,58): error TS2538: Type 'undefined' cannot be used as an index type.
src/hooks/useMarketData.ts(132,14): error TS7053: Element implicitly has an 'any' type because expression of type 'any' can't be used to index type '{}'.
src/hooks/useMarketData.ts(132,52): error TS7053: Element implicitly has an 'any' type because expression of type 'any' can't be used to index type '{}'.
src/hooks/useMarketData.ts(171,42): error TS7006: Parameter 'nuevaTransacao' implicitly has an 'any' type.
src/hooks/useMarketData.ts(185,21): error TS7006: Parameter 'prev' implicitly has an 'any' type.
src/hooks/useMarketData.ts(195,36): error TS2339: Property 'id' does not exist on type 'never'.
src/hooks/useMarketData.ts(200,53): error TS7006: Parameter 'txId' implicitly has an 'any' type.
src/hooks/useMarketData.ts(200,59): error TS7006: Parameter 'newCotacaoUsd' implicitly has an 'any' type.
src/hooks/useMarketData.ts(204,36): error TS7006: Parameter 't' implicitly has an 'any' type.
src/hooks/useMarketData.ts(208,59): error TS2339: Property 'id' does not exist on type 'never'.
src/hooks/useMarketData.ts(211,25): error TS7006: Parameter 'prev' implicitly has an 'any' type.
src/hooks/useMarketData.ts(212,36): error TS7006: Parameter 't' implicitly has an 'any' type.
src/hooks/useMarketPrices.ts(27,41): error TS7006: Parameter 'user' implicitly has an 'any' type.
src/hooks/useMarketPrices.ts(50,37): error TS7006: Parameter 'val' implicitly has an 'any' type.
src/hooks/useMarketPrices.ts(60,34): error TS7006: Parameter 'val' implicitly has an 'any' type.
src/hooks/useMarketPrices.ts(70,37): error TS7006: Parameter 'val' implicitly has an 'any' type.
src/hooks/useMarketPrices.ts(80,39): error TS7006: Parameter 'val' implicitly has an 'any' type.
src/hooks/useMarketPrices.ts(90,45): error TS7006: Parameter 'resourceName' implicitly has an 'any' type.
src/hooks/useMarketPrices.ts(90,59): error TS7006: Parameter 'avgSfl' implicitly has an 'any' type.
src/hooks/useMarketPrices.ts(90,67): error TS7006: Parameter 'flowerUsdRate' implicitly has an 'any' type.
src/hooks/useMarketPrices.ts(91,24): error TS7006: Parameter 'prev' implicitly has an 'any' type.
src/hooks/useMarketPrices.ts(117,16): error TS7053: Element implicitly has an 'any' type because expression of type 'string' can't be used to index type '{ petal: number; desert: number; volcano: number; }'.
  No index signature with a parameter of type 'string' was found on type '{ petal: number; desert: number; volcano: number; }'.
src/hooks/useMarketPrices.ts(191,23): error TS7053: Element implicitly has an 'any' type because expression of type 'string' can't be used to index type '{ usd: number; brl: number; eur: number; sgd: number; pol: number; }'.
  No index signature with a parameter of type 'string' was found on type '{ usd: number; brl: number; eur: number; sgd: number; pol: number; }'.
src/i18n.ts(307,19): error TS7006: Parameter 'key' implicitly has an 'any' type.
src/i18n.ts(308,14): error TS7053: Element implicitly has an 'any' type because expression of type 'string' can't be used to index type '{ en: { subTitle: string; btnBuy: string; btnSell: string; btnRefresh: string; updatedNow: string; updatedMinAgo: string; updatedAt: string; islandLabel: string; islandPetal: string; islandDesert: string; ... 127 more ...; donateClose: string; }; pt: { ...; }; }'.
  No index signature with a parameter of type 'string' was found on type '{ en: { subTitle: string; btnBuy: string; btnSell: string; btnRefresh: string; updatedNow: string; updatedMinAgo: string; updatedAt: string; islandLabel: string; islandPetal: string; islandDesert: string; ... 127 more ...; donateClose: string; }; pt: { ...; }; }'.
src/i18n.ts(308,43): error TS7053: Element implicitly has an 'any' type because expression of type 'any' can't be used to index type '{ subTitle: string; btnBuy: string; btnSell: string; btnRefresh: string; updatedNow: string; updatedMinAgo: string; updatedAt: string; islandLabel: string; islandPetal: string; islandDesert: string; ... 127 more ...; donateClose: string; }'.
src/i18n.ts(310,35): error TS7053: Element implicitly has an 'any' type because expression of type 'string' can't be used to index type '{}'.
  No index signature with a parameter of type 'string' was found on type '{}'.
src/main.tsx(6,21): error TS2345: Argument of type 'HTMLElement | null' is not assignable to parameter of type 'Container'.
  Type 'null' is not assignable to type 'Container'.
src/services/api.ts(10,31): error TS7006: Parameter 'key' implicitly has an 'any' type.
src/services/api.ts(28,31): error TS7006: Parameter 'key' implicitly has an 'any' type.
src/services/api.ts(28,36): error TS7006: Parameter 'data' implicitly has an 'any' type.
src/services/api.ts(42,41): error TS7006: Parameter 'url' implicitly has an 'any' type.
src/services/api.ts(43,11): error TS2339: Property 'headers' does not exist on type '{}'.
src/services/api.ts(43,25): error TS2339: Property 'timeout' does not exist on type '{}'.
src/services/api.ts(115,49): error TS7006: Parameter 'username' implicitly has an 'any' type.
src/services/api.ts(135,43): error TS7006: Parameter 'farmId' implicitly has an 'any' type.
src/services/api.ts(144,45): error TS7006: Parameter 'farmId' implicitly has an 'any' type.
src/services/api.ts(144,53): error TS7006: Parameter 'apiKey' implicitly has an 'any' type.
src/services/api.ts(162,39): error TS7006: Parameter 'rawData' implicitly has an 'any' type.
src/services/api.ts(162,48): error TS7006: Parameter 'source' implicitly has an 'any' type.
src/services/api.ts(173,30): error TS7006: Parameter 'target' implicitly has an 'any' type.
src/services/api.ts(173,38): error TS7006: Parameter 'name' implicitly has an 'any' type.
src/services/api.ts(179,23): error TS7006: Parameter 'target' implicitly has an 'any' type.
src/services/api.ts(179,31): error TS7006: Parameter 'name' implicitly has an 'any' type.
src/services/api.ts(179,37): error TS7006: Parameter 'count' implicitly has an 'any' type.
src/services/api.ts(233,38): error TS7053: Element implicitly has an 'any' type because expression of type 'string' can't be used to index type '{}'.
  No index signature with a parameter of type 'string' was found on type '{}'.
src/services/api.ts(234,13): error TS7053: Element implicitly has an 'any' type because expression of type 'string' can't be used to index type '{}'.
  No index signature with a parameter of type 'string' was found on type '{}'.
src/services/api.ts(278,44): error TS7031: Binding element 'farmId' implicitly has an 'any' type.
src/services/api.ts(291,7): error TS6133: 'source' is declared but its value is never read.
src/services/api.ts(300,99): error TS18046: 'err' is of type 'unknown'.
src/services/api.ts(313,59): error TS18046: 'err' is of type 'unknown'.
src/services/api.ts(357,15): error TS7006: Parameter 'item' implicitly has an 'any' type.
src/services/api.ts(358,12): error TS7006: Parameter 'item' implicitly has an 'any' type.
src/services/api.ts(368,15): error TS7006: Parameter 'item' implicitly has an 'any' type.
src/services/api.ts(369,12): error TS7006: Parameter 'item' implicitly has an 'any' type.
src/services/api.ts(388,9): error TS7053: Element implicitly has an 'any' type because expression of type 'any' can't be used to index type '{}'.
src/services/api.ts(390,11): error TS7053: Element implicitly has an 'any' type because expression of type 'any' can't be used to index type '{}'.
src/services/api.ts(394,9): error TS7053: Element implicitly has an 'any' type because expression of type 'any' can't be used to index type '{}'.
src/services/authService.ts(6,32): error TS7031: Binding element 'email' implicitly has an 'any' type.
src/services/authService.ts(6,39): error TS7031: Binding element 'password' implicitly has an 'any' type.
src/services/authService.ts(18,44): error TS7031: Binding element 'email' implicitly has an 'any' type.
src/services/authService.ts(18,51): error TS7031: Binding element 'password' implicitly has an 'any' type.
src/services/authService.ts(30,39): error TS7031: Binding element 'email' implicitly has an 'any' type.
src/services/authService.ts(70,35): error TS7006: Parameter 'callback' implicitly has an 'any' type.
src/services/historyService.ts(7,7): error TS6133: 'LAST_SUPABASE_PUSH_KEY' is declared but its value is never read.
src/services/historyService.ts(8,7): error TS6133: 'LAST_SUPABASE_NFT_PUSH_KEY' is declared but its value is never read.
src/services/historyService.ts(12,7): error TS6133: 'CACHE_TTL_MS' is declared but its value is never read.
src/services/historyService.ts(13,7): error TS6133: 'SUPABASE_PUSH_THROTTLE_MS' is declared but its value is never read.
src/services/historyService.ts(14,7): error TS6133: 'SUPABASE_NFT_PUSH_THROTTLE_MS' is declared but its value is never read.
src/services/historyService.ts(15,7): error TS6133: 'NFT_HOURLY_HISTORY_KEY' is declared but its value is never read.
src/services/historyService.ts(47,24): error TS7006: Parameter 'key' implicitly has an 'any' type.
src/services/historyService.ts(47,29): error TS7006: Parameter 'data' implicitly has an 'any' type.
src/services/historyService.ts(58,24): error TS7006: Parameter 'key' implicitly has an 'any' type.
src/services/historyService.ts(79,53): error TS2339: Property 'price' does not exist on type 'never'.
src/services/historyService.ts(82,84): error TS2339: Property 'price' does not exist on type 'never'.
src/services/historyService.ts(88,7): error TS2698: Spread types may only be created from object types.
src/services/historyService.ts(115,11): error TS7053: Element implicitly has an 'any' type because expression of type 'string' can't be used to index type '{}'.
  No index signature with a parameter of type 'string' was found on type '{}'.
src/services/historyService.ts(128,42): error TS7006: Parameter 'h' implicitly has an 'any' type.
src/services/historyService.ts(130,57): error TS7006: Parameter 'h' implicitly has an 'any' type.
src/services/historyService.ts(151,25): error TS7006: Parameter 'a' implicitly has an 'any' type.
src/services/historyService.ts(151,28): error TS7006: Parameter 'b' implicitly has an 'any' type.
src/services/historyService.ts(156,42): error TS7006: Parameter 'h' implicitly has an 'any' type.
src/services/historyService.ts(178,10): error TS6133: 'createInitialTokenPoint' is declared but its value is never read.
src/services/historyService.ts(191,10): error TS6133: 'createInitialResourcePoint' is declared but its value is never read.
src/services/historyService.ts(191,37): error TS7006: Parameter 'resourceId' implicitly has an 'any' type.
src/services/historyService.ts(212,28): error TS7006: Parameter 'promise' implicitly has an 'any' type.
src/services/historyService.ts(233,7): error TS2367: This comparison appears to be unintentional because the types 'string' and 'number' have no overlap.
src/services/historyService.ts(234,7): error TS2367: This comparison appears to be unintentional because the types 'string' and 'number' have no overlap.
src/services/historyService.ts(235,7): error TS2367: This comparison appears to be unintentional because the types 'string' and 'number' have no overlap.
src/services/historyService.ts(236,7): error TS2367: This comparison appears to be unintentional because the types 'string' and 'number' have no overlap.
src/services/historyService.ts(259,33): error TS2339: Property 'timestamp' does not exist on type 'never'.
src/services/historyService.ts(259,51): error TS2339: Property 'day' does not exist on type 'never'.
src/services/historyService.ts(260,31): error TS2339: Property 'floor_sfl' does not exist on type 'never'.
src/services/historyService.ts(260,49): error TS2339: Property 'avg_floor_sfl' does not exist on type 'never'.
src/services/historyService.ts(260,71): error TS2339: Property 'price_sfl' does not exist on type 'never'.
src/services/historyService.ts(260,89): error TS2339: Property 'avg_price_sfl' does not exist on type 'never'.
src/services/historyService.ts(260,111): error TS2339: Property 'price_usd' does not exist on type 'never'.
src/services/historyService.ts(260,129): error TS2339: Property 'price' does not exist on type 'never'.
src/services/historyService.ts(261,18): error TS2698: Spread types may only be created from object types.
src/services/historyService.ts(338,43): error TS2345: Argument of type '{ id: string; timestamp: string; day: string; avg_price_sfl: number; price_sfl: number; price_usd: number; isInitialData: boolean; }[]' is not assignable to parameter of type 'never[]'.
  Type '{ id: string; timestamp: string; day: string; avg_price_sfl: number; price_sfl: number; price_usd: number; isInitialData: boolean; }' is not assignable to type 'never'.
src/services/historyService.ts(339,44): error TS2345: Argument of type 'any[]' is not assignable to parameter of type 'never[]'.
  Type 'any' is not assignable to type 'never'.
src/services/historyService.ts(379,81): error TS18046: 'err' is of type 'unknown'.
src/services/historyService.ts(400,37): error TS2345: Argument of type 'any[]' is not assignable to parameter of type 'never[]'.
  Type 'any' is not assignable to type 'never'.
src/services/historyService.ts(406,44): error TS7006: Parameter 'resourceId' implicitly has an 'any' type.
src/services/historyService.ts(420,7): error TS7034: Variable 'rawPoints' implicitly has type 'any[]' in some locations where its type cannot be determined.
src/services/historyService.ts(442,98): error TS18046: 'err' is of type 'unknown'.
src/services/historyService.ts(466,112): error TS18046: 'err' is of type 'unknown'.
src/services/historyService.ts(494,37): error TS2345: Argument of type 'any[]' is not assignable to parameter of type 'never[]'.
  Type 'any' is not assignable to type 'never'.
src/services/historyService.ts(494,37): error TS7005: Variable 'rawPoints' implicitly has an 'any[]' type.
src/services/historyService.ts(529,26): error TS7053: Element implicitly has an 'any' type because expression of type 'string' can't be used to index type '{}'.
  No index signature with a parameter of type 'string' was found on type '{}'.
src/services/historyService.ts(549,18): error TS7053: Element implicitly has an 'any' type because expression of type 'any' can't be used to index type '{}'.
src/services/historyService.ts(549,40): error TS7053: Element implicitly has an 'any' type because expression of type 'any' can't be used to index type '{}'.
src/services/historyService.ts(550,13): error TS7053: Element implicitly has an 'any' type because expression of type 'any' can't be used to index type '{}'.
src/services/historyService.ts(554,27): error TS18046: 'rows' is of type 'unknown'.
src/services/historyService.ts(556,31): error TS18046: 'rows' is of type 'unknown'.
src/services/historyService.ts(565,15): error TS7053: Element implicitly has an 'any' type because expression of type 'string' can't be used to index type '{}'.
  No index signature with a parameter of type 'string' was found on type '{}'.
src/services/historyService.ts(583,18): error TS7053: Element implicitly has an 'any' type because expression of type 'any' can't be used to index type '{}'.
src/services/historyService.ts(583,40): error TS7053: Element implicitly has an 'any' type because expression of type 'any' can't be used to index type '{}'.
src/services/historyService.ts(584,13): error TS7053: Element implicitly has an 'any' type because expression of type 'any' can't be used to index type '{}'.
src/services/historyService.ts(588,30): error TS18046: 'rows' is of type 'unknown'.
src/services/historyService.ts(588,42): error TS7006: Parameter 'r' implicitly has an 'any' type.
src/services/historyService.ts(590,15): error TS7053: Element implicitly has an 'any' type because expression of type 'string' can't be used to index type '{}'.
  No index signature with a parameter of type 'string' was found on type '{}'.
src/services/historyService.ts(596,99): error TS2339: Property 'message' does not exist on type '{}'.
src/services/historyService.ts(626,19): error TS7053: Element implicitly has an 'any' type because expression of type 'string' can't be used to index type '{}'.
  No index signature with a parameter of type 'string' was found on type '{}'.
src/services/historyService.ts(637,5): error TS7053: Element implicitly has an 'any' type because expression of type 'string' can't be used to index type '{}'.
  No index signature with a parameter of type 'string' was found on type '{}'.
src/services/historyService.ts(644,9): error TS7034: Variable 'variations' implicitly has type 'any[]' in some locations where its type cannot be determined.
src/services/historyService.ts(651,30): error TS7053: Element implicitly has an 'any' type because expression of type 'string' can't be used to index type '{}'.
  No index signature with a parameter of type 'string' was found on type '{}'.
src/services/historyService.ts(671,3): error TS7005: Variable 'variations' implicitly has an 'any[]' type.
src/services/historyService.ts(674,22): error TS7005: Variable 'variations' implicitly has an 'any[]' type.
src/services/historyService.ts(677,25): error TS7005: Variable 'variations' implicitly has an 'any[]' type.
src/services/historyService.ts(681,54): error TS7005: Variable 'variations' implicitly has an 'any[]' type.
src/services/historyService.ts(682,55): error TS7005: Variable 'variations' implicitly has an 'any[]' type.
src/services/historyService.ts(709,15): error TS2339: Property 'id' does not exist on type 'never'.
src/services/historyService.ts(710,17): error TS2339: Property 'name' does not exist on type 'never'.
src/services/historyService.ts(711,23): error TS2339: Property 'collection' does not exist on type 'never'.
src/services/historyService.ts(712,25): error TS2339: Property 'floor' does not exist on type 'never'.
src/services/historyService.ts(713,33): error TS2339: Property 'lastSalePrice' does not exist on type 'never'.
src/services/historyService.ts(714,19): error TS2339: Property 'supply' does not exist on type 'never'.
src/services/historyService.ts(715,23): error TS2339: Property 'boost_text' does not exist on type 'never'.
src/services/historyService.ts(739,39): error TS7006: Parameter 'nftId' implicitly has an 'any' type.
src/services/historyService.ts(753,7): error TS7034: Variable 'rawPoints' implicitly has type 'any[]' in some locations where its type cannot be determined.
src/services/historyService.ts(780,101): error TS2339: Property 'message' does not exist on type '{}'.
src/services/historyService.ts(813,103): error TS2339: Property 'message' does not exist on type '{}'.
src/services/historyService.ts(835,28): error TS7005: Variable 'rawPoints' implicitly has an 'any[]' type.
src/services/historyService.ts(855,49): error TS2345: Argument of type 'any[]' is not assignable to parameter of type 'never[]'.
  Type 'any' is not assignable to type 'never'.
src/services/historyService.ts(856,43): error TS2345: Argument of type 'any[]' is not assignable to parameter of type 'never[]'.
  Type 'any' is not assignable to type 'never'.
src/services/historyService.ts(857,33): error TS2345: Argument of type 'any[]' is not assignable to parameter of type 'never[]'.
  Type 'any' is not assignable to type 'never'.
src/services/historyService.ts(884,23): error TS6133: 'minAgeHours' is declared but its value is never read.
src/services/historyService.ts(884,51): error TS7053: Element implicitly has an 'any' type because expression of type 'string' can't be used to index type '{ '24h': { targetDays: number; minAgeHours: number; cacheTtlMs: number; }; '7D': { targetDays: number; minAgeHours: number; cacheTtlMs: number; }; '30D': { targetDays: number; minAgeHours: number; cacheTtlMs: number; }; '90D': { ...; }; }'.
  No index signature with a parameter of type 'string' was found on type '{ '24h': { targetDays: number; minAgeHours: number; cacheTtlMs: number; }; '7D': { targetDays: number; minAgeHours: number; cacheTtlMs: number; }; '30D': { targetDays: number; minAgeHours: number; cacheTtlMs: number; }; '90D': { ...; }; }'.
src/services/historyService.ts(888,18): error TS7053: Element implicitly has an 'any' type because expression of type 'string' can't be used to index type '{ '24h': null; '7D': null; '30D': null; '90D': null; }'.
  No index signature with a parameter of type 'string' was found on type '{ '24h': null; '7D': null; '30D': null; '90D': null; }'.
src/services/historyService.ts(895,15): error TS6133: 'targetDate' is declared but its value is never read.
src/services/historyService.ts(916,18): error TS7053: Element implicitly has an 'any' type because expression of type 'string' can't be used to index type '{}'.
  No index signature with a parameter of type 'string' was found on type '{}'.
src/services/historyService.ts(916,30): error TS7053: Element implicitly has an 'any' type because expression of type 'string' can't be used to index type '{}'.
  No index signature with a parameter of type 'string' was found on type '{}'.
src/services/historyService.ts(917,13): error TS7053: Element implicitly has an 'any' type because expression of type 'string' can't be used to index type '{}'.
  No index signature with a parameter of type 'string' was found on type '{}'.
src/services/historyService.ts(920,27): error TS18046: 'rows' is of type 'unknown'.
src/services/historyService.ts(922,31): error TS18046: 'rows' is of type 'unknown'.
src/services/historyService.ts(930,15): error TS7053: Element implicitly has an 'any' type because expression of type 'string' can't be used to index type '{}'.
  No index signature with a parameter of type 'string' was found on type '{}'.
src/services/historyService.ts(952,18): error TS7053: Element implicitly has an 'any' type because expression of type 'string' can't be used to index type '{}'.
  No index signature with a parameter of type 'string' was found on type '{}'.
src/services/historyService.ts(952,30): error TS7053: Element implicitly has an 'any' type because expression of type 'string' can't be used to index type '{}'.
  No index signature with a parameter of type 'string' was found on type '{}'.
src/services/historyService.ts(953,13): error TS7053: Element implicitly has an 'any' type because expression of type 'string' can't be used to index type '{}'.
  No index signature with a parameter of type 'string' was found on type '{}'.
src/services/historyService.ts(956,27): error TS18046: 'rows' is of type 'unknown'.
src/services/historyService.ts(958,31): error TS18046: 'rows' is of type 'unknown'.
src/services/historyService.ts(966,15): error TS7053: Element implicitly has an 'any' type because expression of type 'string' can't be used to index type '{}'.
  No index signature with a parameter of type 'string' was found on type '{}'.
src/services/historyService.ts(972,106): error TS2339: Property 'message' does not exist on type '{}'.
src/services/historyService.ts(989,36): error TS7006: Parameter 'item' implicitly has an 'any' type.
src/services/historyService.ts(992,17): error TS7053: Element implicitly has an 'any' type because expression of type 'string' can't be used to index type '{}'.
  No index signature with a parameter of type 'string' was found on type '{}'.
src/services/historyService.ts(1000,5): error TS7053: Element implicitly has an 'any' type because expression of type 'string' can't be used to index type '{ '24h': null; '7D': null; '30D': null; '90D': null; }'.
  No index signature with a parameter of type 'string' was found on type '{ '24h': null; '7D': null; '30D': null; '90D': null; }'.
src/services/historyService.ts(1007,9): error TS7034: Variable 'variations' implicitly has type 'any[]' in some locations where its type cannot be determined.
src/services/historyService.ts(1011,37): error TS2339: Property 'floor' does not exist on type 'never'.
src/services/historyService.ts(1014,24): error TS2339: Property 'name' does not exist on type 'never'.
src/services/historyService.ts(1014,36): error TS2339: Property 'collection' does not exist on type 'never'.
src/services/historyService.ts(1014,54): error TS2339: Property 'id' does not exist on type 'never'.
src/services/historyService.ts(1015,30): error TS7053: Element implicitly has an 'any' type because expression of type 'string' can't be used to index type '{}'.
  No index signature with a parameter of type 'string' was found on type '{}'.
src/services/historyService.ts(1024,25): error TS2339: Property 'name' does not exist on type 'never'.
src/services/historyService.ts(1025,23): error TS2339: Property 'id' does not exist on type 'never'.
src/services/historyService.ts(1026,21): error TS2339: Property 'name' does not exist on type 'never'.
src/services/historyService.ts(1027,28): error TS2339: Property 'displayName' does not exist on type 'never'.
src/services/historyService.ts(1027,47): error TS2339: Property 'name' does not exist on type 'never'.
src/services/historyService.ts(1028,27): error TS2339: Property 'collection' does not exist on type 'never'.
src/services/historyService.ts(1029,22): error TS2339: Property 'image' does not exist on type 'never'.
src/services/historyService.ts(1029,36): error TS2339: Property 'collection' does not exist on type 'never'.
src/services/historyService.ts(1030,71): error TS2339: Property 'id' does not exist on type 'never'.
src/services/historyService.ts(1031,69): error TS2339: Property 'id' does not exist on type 'never'.
src/services/historyService.ts(1032,27): error TS2339: Property 'boost_text' does not exist on type 'never'.
src/services/historyService.ts(1044,3): error TS7005: Variable 'variations' implicitly has an 'any[]' type.
src/services/historyService.ts(1046,22): error TS7005: Variable 'variations' implicitly has an 'any[]' type.
src/services/historyService.ts(1047,21): error TS7005: Variable 'variations' implicitly has an 'any[]' type.
src/services/historyService.ts(1051,54): error TS7005: Variable 'variations' implicitly has an 'any[]' type.
src/services/historyService.ts(1052,55): error TS7005: Variable 'variations' implicitly has an 'any[]' type.
src/services/syncService.ts(6,39): error TS7006: Parameter 'error' implicitly has an 'any' type.
src/services/syncService.ts(22,43): error TS7006: Parameter 'userId' implicitly has an 'any' type.
src/services/syncService.ts(78,72): error TS2339: Property 'message' does not exist on type '{}'.
src/services/syncService.ts(86,43): error TS7006: Parameter 'userId' implicitly has an 'any' type.
src/services/syncService.ts(93,25): error TS7053: Element implicitly has an 'any' type because expression of type 'any' can't be used to index type '{ basic: number; desert: number; volcano: number; petal: number; }'.
src/services/syncService.ts(93,52): error TS2339: Property 'selectedIsland' does not exist on type '{}'.
src/services/syncService.ts(98,43): error TS2339: Property 'isVip' does not exist on type '{}'.
src/services/syncService.ts(99,46): error TS2339: Property 'isShrine' does not exist on type '{}'.
src/services/syncService.ts(100,44): error TS2339: Property 'selectedCurrency' does not exist on type '{}'.
src/services/syncService.ts(129,24): error TS7006: Parameter 'res' implicitly has an 'any' type.
src/services/syncService.ts(129,29): error TS7006: Parameter 'type' implicitly has an 'any' type.
src/services/syncService.ts(129,35): error TS7006: Parameter 'qty' implicitly has an 'any' type.
src/services/syncService.ts(129,40): error TS7006: Parameter 'price' implicitly has an 'any' type.
src/services/syncService.ts(139,33): error TS2339: Property 'recurso' does not exist on type 'never'.
src/services/syncService.ts(139,46): error TS2339: Property 'resource_id' does not exist on type 'never'.
src/services/syncService.ts(139,61): error TS2339: Property 'tipo' does not exist on type 'never'.
src/services/syncService.ts(139,71): error TS2339: Property 'type' does not exist on type 'never'.
src/services/syncService.ts(139,79): error TS2339: Property 'qty' does not exist on type 'never'.
src/services/syncService.ts(139,88): error TS2339: Property 'quantity' does not exist on type 'never'.
src/services/syncService.ts(139,100): error TS2339: Property 'unitPrice' does not exist on type 'never'.
src/services/syncService.ts(139,115): error TS2339: Property 'price_sfl' does not exist on type 'never'.
src/services/syncService.ts(144,26): error TS2339: Property 'recurso' does not exist on type 'never'.
src/services/syncService.ts(144,39): error TS2339: Property 'resource_id' does not exist on type 'never'.
src/services/syncService.ts(145,20): error TS2339: Property 'tipo' does not exist on type 'never'.
src/services/syncService.ts(145,30): error TS2339: Property 'type' does not exist on type 'never'.
src/services/syncService.ts(146,30): error TS2339: Property 'qty' does not exist on type 'never'.
src/services/syncService.ts(146,39): error TS2339: Property 'quantity' does not exist on type 'never'.
src/services/syncService.ts(147,31): error TS2339: Property 'unitPrice' does not exist on type 'never'.
src/services/syncService.ts(147,46): error TS2339: Property 'price_sfl' does not exist on type 'never'.
src/services/syncService.ts(148,49): error TS2339: Property 'cotacao_entrada_usd' does not exist on type 'never'.
src/services/syncService.ts(148,74): error TS2339: Property 'token_price_usd_at_purchase' does not exist on type 'never'.
src/services/syncService.ts(149,31): error TS2339: Property 'totalPrice' does not exist on type 'never'.
src/services/syncService.ts(149,47): error TS2339: Property 'total_sfl' does not exist on type 'never'.
src/services/syncService.ts(150,31): error TS2339: Property 'total_price_usd' does not exist on type 'never'.
src/services/syncService.ts(150,52): error TS2339: Property 'total_usd' does not exist on type 'never'.
src/services/syncService.ts(150,69): error TS2339: Property 'totalPrice' does not exist on type 'never'.
src/services/syncService.ts(150,91): error TS2339: Property 'cotacao_entrada_usd' does not exist on type 'never'.
src/services/syncService.ts(151,25): error TS2339: Property 'timestamp' does not exist on type 'never'.
src/services/syncService.ts(151,40): error TS2339: Property 'created_at' does not exist on type 'never'.
src/services/syncService.ts(175,24): error TS2339: Property 'nome' does not exist on type 'never'.
src/services/syncService.ts(175,34): error TS2339: Property 'resource_id' does not exist on type 'never'.
src/services/syncService.ts(176,28): error TS2339: Property 'qty' does not exist on type 'never'.
src/services/syncService.ts(176,37): error TS2339: Property 'quantity' does not exist on type 'never'.
src/services/syncService.ts(177,33): error TS2339: Property 'precoMedio' does not exist on type 'never'.
src/services/syncService.ts(177,49): error TS2339: Property 'avg_price_sfl' does not exist on type 'never'.
src/services/syncService.ts(178,39): error TS2339: Property 'cotacaoMediaFlowerUsd' does not exist on type 'never'.
src/services/syncService.ts(178,66): error TS2339: Property 'avg_token_price_usd' does not exist on type 'never'.
src/services/syncService.ts(197,81): error TS2339: Property 'message' does not exist on type '{}'.
src/services/syncService.ts(204,45): error TS7006: Parameter 'userId' implicitly has an 'any' type.
src/services/syncService.ts(204,53): error TS7006: Parameter 'transaction' implicitly has an 'any' type.
src/services/syncService.ts(232,81): error TS2339: Property 'message' does not exist on type '{}'.
src/services/syncService.ts(239,44): error TS7006: Parameter 'userId' implicitly has an 'any' type.
src/services/syncService.ts(239,52): error TS7006: Parameter 'portfolioList' implicitly has an 'any' type.
src/services/syncService.ts(243,36): error TS7006: Parameter 'p' implicitly has an 'any' type.
src/services/syncService.ts(266,81): error TS2339: Property 'message' does not exist on type '{}'.
src/services/syncService.ts(273,42): error TS7006: Parameter 'userId' implicitly has an 'any' type.
src/services/syncService.ts(273,50): error TS7006: Parameter 'settings' implicitly has an 'any' type.
src/services/syncService.ts(278,23): error TS7053: Element implicitly has an 'any' type because expression of type 'any' can't be used to index type '{ basic: number; desert: number; volcano: number; petal: number; }'.
src/services/syncService.ts(301,85): error TS2339: Property 'message' does not exist on type '{}'.
src/services/syncService.ts(308,48): error TS7006: Parameter 'userId' implicitly has an 'any' type.
src/services/syncService.ts(308,56): error TS7006: Parameter 'txId' implicitly has an 'any' type.
src/services/syncService.ts(308,62): error TS7006: Parameter 'newCotacaoUsd' implicitly has an 'any' type.
src/services/syncService.ts(308,77): error TS7006: Parameter 'newTotalUsd' implicitly has an 'any' type.
src/utils/bumpkinLevel.ts(40,33): error TS7006: Parameter 'experience' implicitly has an 'any' type.
src/utils/bumpkinLevel.ts(58,37): error TS7006: Parameter 'experience' implicitly has an 'any' type.
src/utils/imageFallback.ts(3,34): error TS7006: Parameter 'e' implicitly has an 'any' type.
supabase/functions/sync-market-prices/index.ts(1,23): error TS2307: Cannot find module 'https://deno.land/std@0.168.0/http/server.ts' or its corresponding type declarations.
supabase/functions/sync-market-prices/index.ts(2,30): error TS2307: Cannot find module 'https://esm.sh/@supabase/supabase-js@2.39.0' or its corresponding type declarations.
supabase/functions/sync-market-prices/index.ts(4,22): error TS2304: Cannot find name 'Deno'.
supabase/functions/sync-market-prices/index.ts(5,22): error TS2304: Cannot find name 'Deno'.
supabase/functions/sync-market-prices/index.ts(5,59): error TS2304: Cannot find name 'Deno'.
supabase/functions/sync-market-prices/index.ts(7,14): error TS7006: Parameter 'req' implicitly has an 'any' type.
supabase/functions/sync-market-prices/index.ts(68,11): error TS7034: Variable 'nftsToInsert' implicitly has type 'any[]' in some locations where its type cannot be determined.
supabase/functions/sync-market-prices/index.ts(90,73): error TS7005: Variable 'nftsToInsert' implicitly has an 'any[]' type.
